raikinkouta@ky1 work % git init
Initialized empty Git repository in /Users/raikinkouta/git_practice/work/.git/
raikinkouta@ky1 work % 
raikinkouta@ky1 work % git add origin https://github.com/yori13/test1.git
fatal: pathspec 'origin' did not match any files
raikinkouta@ky1 work % 
raikinkouta@ky1 work % 
raikinkouta@ky1 work % 
raikinkouta@ky1 work % git remote add origin https://github.com/yori13/test1.git
raikinkouta@ky1 work % 
raikinkouta@ky1 work % git remote
origin
raikinkouta@ky1 work % 
raikinkouta@ky1 work % 
raikinkouta@ky1 work % g branch
raikinkouta@ky1 work % 
raikinkouta@ky1 work % la                 
total 0
drwxr-xr-x   3 raikinkouta  staff   96 12 16 15:22 .
drwxr-xr-x   7 raikinkouta  staff  224 12 16 15:22 ..
drwxr-xr-x  10 raikinkouta  staff  320 12 16 15:28 .git
raikinkouta@ky1 work % 
raikinkouta@ky1 work % 
raikinkouta@ky1 work % git push origin master
error: src refspec master does not match any.
error: failed to push some refs to 'https://github.com/yori13/test1.git'
raikinkouta@ky1 work % 
raikinkouta@ky1 work % 
raikinkouta@ky1 work % g branch
raikinkouta@ky1 work % 
raikinkouta@ky1 work % 
raikinkouta@ky1 work % 
raikinkouta@ky1 work % git status
On branch master

No commits yet

nothing to commit (create/copy files and use "git add" to track)
raikinkouta@ky1 work % 
raikinkouta@ky1 work % 
raikinkouta@ky1 work % touch test1.txt
raikinkouta@ky1 work % 
raikinkouta@ky1 work % git add test1.txt 
raikinkouta@ky1 work % 
raikinkouta@ky1 work % git status       
On branch master

No commits yet

Changes to be committed:
  (use "git rm --cached <file>..." to unstage)

	new file:   test1.txt

raikinkouta@ky1 work % 
raikinkouta@ky1 work % git commit -m "first commit"
[master (root-commit) 5aeb2d4] first commit
 1 file changed, 0 insertions(+), 0 deletions(-)
 create mode 100644 test1.txt
raikinkouta@ky1 work % 
raikinkouta@ky1 work % git log
commit 5aeb2d478bdc584925a9884cfae76b3e4cbb8d83 (HEAD -> master)
Author: yori <yorirugby13@gmail.com>
Date:   Fri Dec 16 15:31:28 2022 +0900

    first commit
raikinkouta@ky1 work % 
raikinkouta@ky1 work % g branch
* master
raikinkouta@ky1 work % 
raikinkouta@ky1 work % git push -u origin master
Counting objects: 3, done.
Writing objects: 100% (3/3), 209 bytes | 209.00 KiB/s, done.
Total 3 (delta 0), reused 0 (delta 0)
To https://github.com/yori13/test1.git
 * [new branch]      master -> master
Branch 'master' set up to track remote branch 'master' from 'origin'.
raikinkouta@ky1 work % 
raikinkouta@ky1 work % 
raikinkouta@ky1 work %     
raikinkouta@ky1 work % 
raikinkouta@ky1 work % g branch
* master
raikinkouta@ky1 work % 
raikinkouta@ky1 work % 
raikinkouta@ky1 work % 
raikinkouta@ky1 work % 
raikinkouta@ky1 work % ll
total 0
-rw-r--r--  1 raikinkouta  staff  0 12 16 15:30 test1.txt
raikinkouta@ky1 work % 
raikinkouta@ky1 work % 
raikinkouta@ky1 work % g master
Already on 'master'
Your branch is up to date with 'origin/master'.
raikinkouta@ky1 work % 
raikinkouta@ky1 work % 
raikinkouta@ky1 work % g branch                 
* master
raikinkouta@ky1 work % 
raikinkouta@ky1 work % 
raikinkouta@ky1 work % g status
On branch master
Your branch is up to date with 'origin/master'.

nothing to commit, working tree clean
raikinkouta@ky1 work % 
raikinkouta@ky1 work % 
raikinkouta@ky1 work % g status
On branch master
Your branch is up to date with 'origin/master'.

nothing to commit, working tree clean
raikinkouta@ky1 work % 
raikinkouta@ky1 work % 
raikinkouta@ky1 work % vi test1.txt 
raikinkouta@ky1 work % 
raikinkouta@ky1 work % g status    
On branch master
Your branch is up to date with 'origin/master'.

Changes not staged for commit:
  (use "git add <file>..." to update what will be committed)
  (use "git checkout -- <file>..." to discard changes in working directory)

	modified:   test1.txt

no changes added to commit (use "git add" and/or "git commit -a")
raikinkouta@ky1 work % 
raikinkouta@ky1 work % git remote
origin
raikinkouta@ky1 work % 
raikinkouta@ky1 work % git add test1.txt 
raikinkouta@ky1 work % 
raikinkouta@ky1 work % git status 
On branch master
Your branch is up to date with 'origin/master'.

Changes to be committed:
  (use "git reset HEAD <file>..." to unstage)

	modified:   test1.txt

raikinkouta@ky1 work % 
raikinkouta@ky1 work % git commit -m "aaaaa"
[master f7cc101] aaaaa
 1 file changed, 1 insertion(+)
raikinkouta@ky1 work % git log
commit f7cc101917e83e1f4d4de50d8bdac85d4003a1af (HEAD -> master)
Author: yori <yorirugby13@gmail.com>
Date:   Mon Dec 19 08:51:52 2022 +0900

    aaaaa

commit 5aeb2d478bdc584925a9884cfae76b3e4cbb8d83 (origin/master)
Author: yori <yorirugby13@gmail.com>
Date:   Fri Dec 16 15:31:28 2022 +0900

    first commit
raikinkouta@ky1 work % 
raikinkouta@ky1 work % git push -u origin master
Counting objects: 3, done.
Writing objects: 100% (3/3), 238 bytes | 238.00 KiB/s, done.
Total 3 (delta 0), reused 0 (delta 0)
To https://github.com/yori13/test1.git
   5aeb2d4..f7cc101  master -> master
Branch 'master' set up to track remote branch 'master' from 'origin'.
raikinkouta@ky1 work % 
raikinkouta@ky1 work % 
raikinkouta@ky1 work % g swhich -b work
git: 'swhich' is not a git command. See 'git --help'.
raikinkouta@ky1 work % 
raikinkouta@ky1 work % g branch
* master
raikinkouta@ky1 work % 
raikinkouta@ky1 work % g checkout -b work
Switched to a new branch 'work'
raikinkouta@ky1 work % 
raikinkouta@ky1 work % g branch
  master
* work
raikinkouta@ky1 work % 
raikinkouta@ky1 work % g status
On branch work
nothing to commit, working tree clean
raikinkouta@ky1 work % 
raikinkouta@ky1 work % vi test1.txt 
raikinkouta@ky1 work % 
raikinkouta@ky1 work % g status
On branch work
Changes not staged for commit:
  (use "git add <file>..." to update what will be committed)
  (use "git checkout -- <file>..." to discard changes in working directory)

	modified:   test1.txt

no changes added to commit (use "git add" and/or "git commit -a")
raikinkouta@ky1 work % 
raikinkouta@ky1 work % g add test1.txt 
raikinkouta@ky1 work % 
raikinkouta@ky1 work % g status
On branch work
Changes to be committed:
  (use "git reset HEAD <file>..." to unstage)

	modified:   test1.txt

raikinkouta@ky1 work % 
raikinkouta@ky1 work % 
raikinkouta@ky1 work % g commit -m "sssssに変更"
[work 32c488b] sssssに変更
 1 file changed, 1 insertion(+), 1 deletion(-)
raikinkouta@ky1 work % 
raikinkouta@ky1 work % g log
commit 32c488b5dee42937a710f8b8682e75eb0ebfbf52 (HEAD -> work)
Author: yori <yorirugby13@gmail.com>
Date:   Mon Dec 19 08:57:11 2022 +0900

    sssssに変更

commit f7cc101917e83e1f4d4de50d8bdac85d4003a1af (origin/master, master)
Author: yori <yorirugby13@gmail.com>
Date:   Mon Dec 19 08:51:52 2022 +0900

    aaaaa

commit 5aeb2d478bdc584925a9884cfae76b3e4cbb8d83
Author: yori <yorirugby13@gmail.com>
Date:   Fri Dec 16 15:31:28 2022 +0900

    first commit
raikinkouta@ky1 work % 
raikinkouta@ky1 work % 
raikinkouta@ky1 work % g push origin work
Counting objects: 3, done.
Writing objects: 100% (3/3), 257 bytes | 257.00 KiB/s, done.
Total 3 (delta 0), reused 0 (delta 0)
remote: 
remote: Create a pull request for 'work' on GitHub by visiting:
remote:      https://github.com/yori13/test1/pull/new/work
remote: 
To https://github.com/yori13/test1.git
 * [new branch]      work -> work
raikinkouta@ky1 work % 
raikinkouta@ky1 work % 
raikinkouta@ky1 work % g checkout master
Switched to branch 'master'
Your branch is up to date with 'origin/master'.
raikinkouta@ky1 work % 
raikinkouta@ky1 work % 
raikinkouta@ky1 work % vi test1.txt 
raikinkouta@ky1 work % 
raikinkouta@ky1 work % 
raikinkouta@ky1 work % g branch
* master
  work
raikinkouta@ky1 work % 
raikinkouta@ky1 work % g log
commit f7cc101917e83e1f4d4de50d8bdac85d4003a1af (HEAD -> master, origin/master)
Author: yori <yorirugby13@gmail.com>
Date:   Mon Dec 19 08:51:52 2022 +0900

    aaaaa

commit 5aeb2d478bdc584925a9884cfae76b3e4cbb8d83
Author: yori <yorirugby13@gmail.com>
Date:   Fri Dec 16 15:31:28 2022 +0900

    first commit
raikinkouta@ky1 work % 
raikinkouta@ky1 work % 
raikinkouta@ky1 work % g pull --rebase origin master
From https://github.com/yori13/test1
 * branch            master     -> FETCH_HEAD
Already up to date.
Current branch master is up to date.
raikinkouta@ky1 work % 
raikinkouta@ky1 work % 
raikinkouta@ky1 work % g pull --rebase origin work  
From https://github.com/yori13/test1
 * branch            work       -> FETCH_HEAD
Updating f7cc101..32c488b
Fast-forward
 test1.txt | 2 +-
 1 file changed, 1 insertion(+), 1 deletion(-)
Current branch master is up to date. 

